[dotenv@17.2.3] injecting env (19) from .env -- tip: ≡ƒöæ add access controls to secrets: https://dotenvx.com/ops

Running 1 test using 1 worker

[dotenv@17.2.3] injecting env (0) from .env [2m-- tip: ΓÜÖ∩╕Å  specify custom .env file path with { path: '/custom/path/.env' }[0m
api => browser.newContext started
api <= browser.newContext succeeded
api => browserContext.newPage started
api <= browserContext.newPage succeeded
------------------------------------------------------------
[INFO] [2026-02-12 13:40:21] Setting up test - Initializing page objects
------------------------------------------------------------
[INFO] [2026-02-12 13:40:21] Setting up test - Initializing page objects
[INFO] [2026-02-12 13:40:21] Navigating to login page: https://ajs.scsetools.com/dev/login
[ACTION] [2026-02-12 13:40:21] Navigating to URL: https://ajs.scsetools.com/dev/login
api => page.goto started
api <= page.goto succeeded
api => page.waitForLoadState started
api <= page.waitForLoadState succeeded
[INFO] [2026-02-12 13:40:46] Successfully navigated to: https://ajs.scsetools.com/dev/login
api => page.waitForLoadState started
api <= page.waitForLoadState succeeded
api => page.waitForLoadState started
api <= page.waitForLoadState succeeded
[INFO] [2026-02-12 13:40:46] Test setup completed
------------------------------------------------------------
[INFO] [2026-02-12 13:40:46] Test setup completed
------------------------------------------------------------

************************************************************
*** TEST STARTED: ADMIN-USR-ACC-EXP-01 - Verify the default value of the Access Expiration date when giving permission to a new site ***
*** Time: 2026-02-12 13:40:46 ***
************************************************************


==================================================
[STEP] [2026-02-12 13:40:46] Login as peter
==================================================

[INFO] [2026-02-12 13:40:46] Entering username: peter
[ACTION] [2026-02-12 13:40:46] Filling text in element on element: input[name="userName"]
api => page.fill started
api <= page.fill succeeded
[INFO] [2026-02-12 13:40:46] Successfully filled text in: input[name="userName"]
[INFO] [2026-02-12 13:40:46] Entering password: ********
[ACTION] [2026-02-12 13:40:46] Filling text in element on element: input[name="passWord"]
api => page.fill started
api <= page.fill succeeded
[INFO] [2026-02-12 13:40:46] Successfully filled text in: input[name="passWord"]
api => page.waitForURL started
[INFO] [2026-02-12 13:40:46] Clicking login button
[ACTION] [2026-02-12 13:40:46] Clicking on element on element: button:has-text("Log In")
api => page.click started
api <= page.click succeeded
[INFO] [2026-02-12 13:40:46] Successfully clicked: button:has-text("Log In")
api <= page.waitForURL succeeded
api => page.waitForLoadState started
api <= page.waitForLoadState succeeded
api => page.waitForLoadState started
api <= page.waitForLoadState succeeded
[INFO] [2026-02-12 13:41:07] Γ£ô Login successful and redirected
api => page.waitForLoadState started
api <= page.waitForLoadState succeeded

==================================================
[STEP] [2026-02-12 13:41:07] Acknowledge Health & Safety modal
==================================================

[INFO] [2026-02-12 13:41:07] Clicking OK on Health and Safety modal
api => locator.click started
api <= locator.click succeeded
[INFO] [2026-02-12 13:41:08] Successfully clicked OK on Health and Safety modal

==================================================
[STEP] [2026-02-12 13:41:08] Step 7: Navigate to ADMINISTRATION tab
==================================================

[ACTION] [2026-02-12 13:41:08] Navigating to ADMINISTRATION tab
[ACTION] [2026-02-12 13:41:08] Clicking on element on element: text=ADMINISTRATION
api => page.click started
api <= page.click succeeded
[INFO] [2026-02-12 13:41:08] Successfully clicked: text=ADMINISTRATION
api => page.waitForLoadState started
api <= page.waitForLoadState succeeded
[INFO] [2026-02-12 13:41:08] Γ£ô Navigated to ADMINISTRATION tab

==================================================
[STEP] [2026-02-12 13:41:08] Step 8: Wait for network to be idle
==================================================

api => page.waitForLoadState started
api <= page.waitForLoadState succeeded
[INFO] [2026-02-12 13:41:08] Γ£ô Network is idle after navigating to ADMINISTRATION tab

==================================================
[STEP] [2026-02-12 13:41:08] Step 9: Verify page contains SITE LIST
==================================================

[ACTION] [2026-02-12 13:41:08] Verifying SITE LIST is visible
api => locator.waitFor started
api <= locator.waitFor succeeded
[INFO] [2026-02-12 13:41:13] Γ£ô SITE LIST is visible

==================================================
[STEP] [2026-02-12 13:41:13] Step 10: Navigate to Users ΓåÆ List
==================================================

[ACTION] [2026-02-12 13:41:13] Opening Users ΓåÆ List
[ACTION] [2026-02-12 13:41:13] Clicking on element on element: text=Users
api => page.click started
api <= page.click succeeded
[INFO] [2026-02-12 13:41:16] Successfully clicked: text=Users
api => page.waitForTimeout started
api <= page.waitForTimeout succeeded
[ACTION] [2026-02-12 13:41:16] Clicking on element on element: text=List
api => page.click started
api <= page.click succeeded
[INFO] [2026-02-12 13:41:18] Successfully clicked: text=List
api => page.waitForLoadState started
api <= page.waitForLoadState succeeded
[INFO] [2026-02-12 13:41:18] Γ£ô Navigated to Users List
api => page.waitForTimeout started
api <= page.waitForTimeout succeeded

==================================================
[STEP] [2026-02-12 13:41:23] Step 11: Wait for network to be idle
==================================================

api => page.waitForLoadState started
api <= page.waitForLoadState succeeded
[INFO] [2026-02-12 13:41:23] Γ£ô Network is idle after navigating to Users List

==================================================
[STEP] [2026-02-12 13:41:23] Step 11a: Wait for user grid data to load
==================================================

api => locator.waitFor started
api <= locator.waitFor succeeded
api => page.waitForTimeout started
api <= page.waitForTimeout succeeded
[INFO] [2026-02-12 13:41:29] Γ£ô User grid data loaded

==================================================
[STEP] [2026-02-12 13:41:29] Step 12: Filter user list by First name "PW Automation U1"
==================================================

[ACTION] [2026-02-12 13:41:29] Filtering by First name: PW Automation U1
api => locator.waitFor started
api <= locator.waitFor succeeded
api => locator.waitFor started
api <= locator.waitFor succeeded
api => locator.waitFor started
api <= locator.waitFor succeeded
api => locator.click started
api <= locator.click succeeded
api => page.waitForTimeout started
api <= page.waitForTimeout succeeded
api => locator.waitFor started
api <= locator.waitFor succeeded
api => page.waitForTimeout started
api <= page.waitForTimeout succeeded
api => locator.waitFor started
api <= locator.waitFor succeeded
api => locator.clear started
api <= locator.clear succeeded
api => locator.fill started
api <= locator.fill succeeded
api => page.waitForTimeout started
api <= page.waitForTimeout succeeded
api => locator.waitFor started
api <= locator.waitFor succeeded
api => locator.click started
api <= locator.click succeeded
api => page.waitForTimeout started
api <= page.waitForTimeout succeeded
api => locator.waitFor started
api <= locator.waitFor succeeded
api => locator.click started
api <= locator.click succeeded
api => page.waitForTimeout started
api <= page.waitForTimeout succeeded
api => page.waitForFunction started
api <= page.waitForFunction succeeded
api => locator.click started
api <= locator.click succeeded
api => page.waitForTimeout started
api <= page.waitForTimeout succeeded
api => page.waitForLoadState started
api <= page.waitForLoadState succeeded
[INFO] [2026-02-12 13:41:36] Γ£ô Filtered by First name: PW Automation U1

==================================================
[STEP] [2026-02-12 13:41:36] Step 13: Wait for network to be idle
==================================================

api => page.waitForLoadState started
api <= page.waitForLoadState succeeded
[INFO] [2026-02-12 13:41:36] Γ£ô Network is idle after filtering user list

==================================================
[STEP] [2026-02-12 13:41:36] Step 13a: Drag resize handler up to expand user list section
==================================================

api => locator.isVisible started
api <= locator.isVisible succeeded
api => locator.boundingBox started
api <= locator.boundingBox succeeded
api => mouse.move started
api <= mouse.move succeeded
api => mouse.down started
api <= mouse.down succeeded
api => mouse.move started
api <= mouse.move succeeded
api => mouse.up started
api <= mouse.up succeeded
api => page.waitForTimeout started
api <= page.waitForTimeout succeeded
[INFO] [2026-02-12 13:41:37] Γ£ô Dragged resize handler up to expand user list section

==================================================
[STEP] [2026-02-12 13:41:37] Step 14: Click Edit button
==================================================

[ACTION] [2026-02-12 13:41:37] Clicking Edit button
api => locator.click started
api <= locator.click succeeded
api => page.waitForLoadState started
api <= page.waitForLoadState succeeded
[INFO] [2026-02-12 13:41:38] Γ£ô Edit button clicked

==================================================
[STEP] [2026-02-12 13:41:38] Step 15: Wait for network to be idle
==================================================

api => page.waitForLoadState started
api <= page.waitForLoadState succeeded
[INFO] [2026-02-12 13:41:38] Γ£ô Network is idle after clicking Edit

==================================================
[STEP] [2026-02-12 13:41:38] Step 16: Open SITE ACCESS AND PERMISSIONS section
==================================================

[ACTION] [2026-02-12 13:41:38] Opening SITE ACCESS AND PERMISSIONS section
api => locator.waitFor started
api <= locator.waitFor succeeded
api => locator.isVisible started
api <= locator.isVisible succeeded
api => locator.click started
api <= locator.click succeeded
api => page.waitForTimeout started
api <= page.waitForTimeout succeeded
[INFO] [2026-02-12 13:41:39] Γ£ô SITE ACCESS AND PERMISSIONS section opened

==================================================
[STEP] [2026-02-12 13:41:39] Step 17: Enable "Show sites with no access granted"
==================================================

[ACTION] [2026-02-12 13:41:39] Enabling "Show sites with no access granted"
api => locator.waitFor started
api <= locator.waitFor succeeded
api => locator.click started
api <= locator.click succeeded
api => page.waitForLoadState started
api <= page.waitForLoadState succeeded
api => page.waitForTimeout started
api <= page.waitForTimeout succeeded
[INFO] [2026-02-12 13:41:41] Waiting for Site List data to load...
api => page.waitForLoadState started
api <= page.waitForLoadState succeeded
api => page.waitForTimeout started
api <= page.waitForTimeout succeeded
[INFO] [2026-02-12 13:41:42] Scrolling site grid to left to see Site List column
api => page.evaluate started
api <= page.evaluate succeeded
api => page.waitForTimeout started
api <= page.waitForTimeout succeeded
api => locator.isVisible started
api <= locator.isVisible succeeded
api => locator.boundingBox started
api <= locator.boundingBox succeeded
api => mouse.move started
api <= mouse.move succeeded
api => mouse.down started
api <= mouse.down succeeded
api => mouse.move started
api <= mouse.move succeeded
api => mouse.up started
api <= mouse.up succeeded
api => page.waitForTimeout started
api <= page.waitForTimeout succeeded
[INFO] [2026-02-12 13:41:44] Γ£ô Expanded site grid area by dragging resize handler
[INFO] [2026-02-12 13:41:44] Clicking Edit button to enable grid interaction
api => locator.isVisible started
api <= locator.isVisible succeeded
[INFO] [2026-02-12 13:41:44] Γ£ô "Show sites with no access granted" enabled

==================================================
[STEP] [2026-02-12 13:41:44] Step 18: Wait for network to be idle
==================================================

api => page.waitForLoadState started
api <= page.waitForLoadState succeeded
[INFO] [2026-02-12 13:41:44] Γ£ô Network is idle after enabling "Show sites with no access granted"

==================================================
[STEP] [2026-02-12 13:41:44] Step 19: Filter site list by Site Name "PW Automation S1"
==================================================

[ACTION] [2026-02-12 13:41:44] Filtering by Site List: PW Automation S1
api => locator.waitFor started
api <= locator.waitFor succeeded
api => page.waitForTimeout started
api <= page.waitForTimeout succeeded
api => locator.waitFor started
api <= locator.waitFor succeeded
api => locator.waitFor started
api <= locator.waitFor succeeded
api => locator.click started
api <= locator.click succeeded
api => page.waitForTimeout started
api <= page.waitForTimeout succeeded
api => locator.waitFor started
api <= locator.waitFor succeeded
api => page.waitForTimeout started
api <= page.waitForTimeout succeeded
api => locator.waitFor started
api <= locator.waitFor succeeded
api => locator.fill started
api <= locator.fill succeeded
api => page.waitForTimeout started
api <= page.waitForTimeout succeeded
api => locator.waitFor started
api <= locator.waitFor succeeded
api => locator.click started
api <= locator.click succeeded
api => page.waitForTimeout started
api <= page.waitForTimeout succeeded
api => locator.waitFor started
api <= locator.waitFor succeeded
api => locator.click started
api <= locator.click succeeded
api => page.waitForTimeout started
api <= page.waitForTimeout succeeded
api => page.waitForFunction started
api <= page.waitForFunction succeeded
api => locator.click started
api <= locator.click succeeded
api => page.waitForTimeout started
api <= page.waitForTimeout succeeded
api => page.waitForLoadState started
api <= page.waitForLoadState succeeded
[INFO] [2026-02-12 13:41:55] Γ£ô Filtered by Site List: PW Automation S1

==================================================
[STEP] [2026-02-12 13:41:55] Step 20: Wait for network to be idle
==================================================

api => page.waitForLoadState started
api <= page.waitForLoadState succeeded
[INFO] [2026-02-12 13:41:55] Γ£ô Network is idle after filtering site list

==================================================
[STEP] [2026-02-12 13:41:55] Step 20a: Click on site "PW Automation S1"
==================================================

api => locator.click started
api <= locator.click succeeded
api => page.waitForTimeout started
api <= page.waitForTimeout succeeded
[INFO] [2026-02-12 13:41:56] Γ£ô Clicked on site "PW Automation S1"

==================================================
[STEP] [2026-02-12 13:41:56] Step 21: Grant access to site "PW Automation S1"
==================================================

[ACTION] [2026-02-12 13:41:56] Granting access to site: PW Automation S1
api => locator.waitFor started
api <= locator.waitFor succeeded
api => locator.check started
api <= locator.check succeeded
api => page.waitForTimeout started
api <= page.waitForTimeout succeeded
[INFO] [2026-02-12 13:41:57] Γ£ô Access granted to site: PW Automation S1

==================================================
[STEP] [2026-02-12 13:41:57] Step 22: Click Save button
==================================================

[ACTION] [2026-02-12 13:41:57] Clicking Save button
api => locator.click started
api <= locator.click succeeded
api => page.waitForLoadState started
api <= page.waitForLoadState succeeded
api => page.waitForTimeout started
api <= page.waitForTimeout succeeded
[INFO] [2026-02-12 13:41:58] Γ£ô Save button clicked

==================================================
[STEP] [2026-02-12 13:41:58] Step 23: Wait for network to be idle
==================================================

api => page.waitForLoadState started
api <= page.waitForLoadState succeeded
[INFO] [2026-02-12 13:41:58] Γ£ô Network is idle after saving

==================================================
[STEP] [2026-02-12 13:41:58] Step 24: Verify "Show sites with access granted" is selected
==================================================

[ACTION] [2026-02-12 13:41:58] Verifying "Show sites with access granted" is selected
api => page.waitForTimeout started
api <= page.waitForTimeout succeeded
api => locator.waitFor started
api <= locator.waitFor succeeded
api => page.waitForFunction started
api <= page.waitForFunction succeeded
[INFO] [2026-02-12 13:42:01] Γ£ô "Show sites with access granted" is selected

==================================================
[STEP] [2026-02-12 13:42:01] Step 24a: Wait for page to fully load before editing
==================================================

api => page.waitForLoadState started
api <= page.waitForLoadState succeeded
api => page.waitForTimeout started
api <= page.waitForTimeout succeeded
[INFO] [2026-02-12 13:42:04] Γ£ô Page fully loaded after radio selection

==================================================
[STEP] [2026-02-12 13:42:04] Step 25: Click Edit button again
==================================================

[ACTION] [2026-02-12 13:42:04] Clicking Edit button
api => locator.click started
api <= locator.click succeeded
api => page.waitForLoadState started
api <= page.waitForLoadState succeeded
[INFO] [2026-02-12 13:42:04] Γ£ô Edit button clicked

==================================================
[STEP] [2026-02-12 13:42:04] Step 26: Wait for network to be idle
==================================================

api => page.waitForLoadState started
api <= page.waitForLoadState succeeded
[INFO] [2026-02-12 13:42:04] Γ£ô Network is idle after clicking Edit

==================================================
[STEP] [2026-02-12 13:42:04] Step 27: Disable "Show permission columns"
==================================================

[ACTION] [2026-02-12 13:42:04] Disabling "Show permission columns"
api => page.waitForLoadState started
api <= page.waitForLoadState succeeded
api => page.waitForTimeout started
api <= page.waitForTimeout succeeded
api => locator.waitFor started
api <= locator.waitFor succeeded
api => page.waitForTimeout started
api <= page.waitForTimeout succeeded
api => locator.isChecked started
api <= locator.isChecked succeeded
api => locator.click started
api <= locator.click succeeded
api => page.waitForTimeout started
api <= page.waitForTimeout succeeded
[INFO] [2026-02-12 13:42:11] Γ£ô "Show permission columns" disabled

==================================================
[STEP] [2026-02-12 13:42:11] Step 28: Wait for network to be idle
==================================================

api => page.waitForLoadState started
api <= page.waitForLoadState succeeded
api => page.waitForTimeout started
api <= page.waitForTimeout succeeded
[INFO] [2026-02-12 13:42:13] Γ£ô Network is idle after disabling "Show permission columns"

==================================================
[STEP] [2026-02-12 13:42:13] Step 28a: Ensure "Show sites with access granted" is selected
==================================================

api => locator.isChecked started
api <= locator.isChecked failed
api => locator.click started
api <= locator.click succeeded
api => page.waitForTimeout started
api <= page.waitForTimeout succeeded
[INFO] [2026-02-12 13:42:45] Γ£ô Selected "Show sites with access granted" radio button

==================================================
[STEP] [2026-02-12 13:42:45] Step 29: Verify Access Status shows "Active"
==================================================

[ACTION] [2026-02-12 13:42:45] Verifying Access Status is Active
[ACTION] [2026-02-12 13:42:45] Getting Access Status for site: PW Automation S1
api => locator.waitFor started
api <= locator.waitFor succeeded
api => page.waitForTimeout started
api <= page.waitForTimeout succeeded
api => locator.waitFor started
api <= locator.waitFor succeeded
api => locator.waitFor started
api <= locator.waitFor succeeded
api => locator.count started
api <= locator.count succeeded
api => locator.count started
api <= locator.count succeeded
api => locator.textContent started
api <= locator.textContent succeeded
api => locator.textContent started
api <= locator.textContent succeeded
api => locator.textContent started
api <= locator.textContent succeeded
api => locator.textContent started
api <= locator.textContent succeeded
api => locator.textContent started
api <= locator.textContent succeeded
api => locator.textContent started
api <= locator.textContent succeeded
api => locator.textContent started
api <= locator.textContent succeeded
api => locator.textContent started
api <= locator.textContent succeeded
api => locator.textContent started
api <= locator.textContent succeeded
api => locator.textContent started
api <= locator.textContent succeeded
api => locator.textContent started
api <= locator.textContent succeeded
api => locator.textContent started
api <= locator.textContent succeeded
api => locator.textContent started
api <= locator.textContent succeeded
api => locator.textContent started
api <= locator.textContent succeeded
api => locator.textContent started
api <= locator.textContent succeeded
api => locator.textContent started
api <= locator.textContent succeeded
api => locator.count started
api <= locator.count succeeded
api => locator.textContent started
api <= locator.textContent succeeded
api => locator.textContent started
api <= locator.textContent succeeded
api => locator.textContent started
api <= locator.textContent succeeded
[INFO] [2026-02-12 13:42:47] Γ£ô Access Status: Active
[INFO] [2026-02-12 13:42:47] Γ£ô Access Status is Active

==================================================
[STEP] [2026-02-12 13:42:47] Step 30: Verify Access Expiration Date is Today + 1 Year (Pacific Time)
==================================================

[ACTION] [2026-02-12 13:42:47] Verifying Access Expiration Date is Today + 1 Year (Pacific Time)
[ACTION] [2026-02-12 13:42:47] Getting Access Expiration Date for site: PW Automation S1
api => locator.count started
api <= locator.count succeeded
api => locator.count started
api <= locator.count succeeded
api => locator.textContent started
api <= locator.textContent succeeded
api => locator.textContent started
api <= locator.textContent succeeded
api => locator.textContent started
api <= locator.textContent succeeded
api => locator.textContent started
api <= locator.textContent succeeded
api => locator.textContent started
api <= locator.textContent succeeded
api => locator.textContent started
api <= locator.textContent succeeded
api => locator.textContent started
api <= locator.textContent succeeded
api => locator.textContent started
api <= locator.textContent succeeded
api => locator.textContent started
api <= locator.textContent succeeded
api => locator.textContent started
api <= locator.textContent succeeded
api => locator.textContent started
api <= locator.textContent succeeded
api => locator.textContent started
api <= locator.textContent succeeded
[INFO] [2026-02-12 13:42:47] Found Access Expiration column at grid 0, column 11
api => locator.waitFor started
api <= locator.waitFor failed
api => page.screenshot started
api <= page.screenshot succeeded
api => video.saveAs started
api <= video.saveAs succeeded
  Γ£ÿ  1 [chromium] ΓÇ║ Administration\User\ADMIN-USR-ACC-EXP.spec.js:23:3 ΓÇ║ Admin User Mgmt Site Access Expiration Date ΓÇ║ ADMIN-USR-ACC-EXP-01 - Verify the default value of the Access Expiration date when giving permission to a new site (2.7m)
[dotenv@17.2.3] injecting env (0) from .env [2m-- tip: ≡ƒ¢á∩╕Å  run anywhere with `dotenvx run -- yourcommand`[0m
api => browser.newContext started
api <= browser.newContext succeeded
api => browserContext.newPage started
api <= browserContext.newPage succeeded
------------------------------------------------------------
[INFO] [2026-02-12 13:43:03] Setting up test - Initializing page objects
------------------------------------------------------------
[INFO] [2026-02-12 13:43:03] Setting up test - Initializing page objects
[INFO] [2026-02-12 13:43:03] Navigating to login page: https://ajs.scsetools.com/dev/login
[ACTION] [2026-02-12 13:43:03] Navigating to URL: https://ajs.scsetools.com/dev/login
api => page.goto started
api <= page.goto succeeded
api => page.waitForLoadState started
api <= page.waitForLoadState succeeded
[INFO] [2026-02-12 13:43:19] Successfully navigated to: https://ajs.scsetools.com/dev/login
api => page.waitForLoadState started
api <= page.waitForLoadState succeeded
api => page.waitForLoadState started
api <= page.waitForLoadState succeeded
[INFO] [2026-02-12 13:43:19] Test setup completed
------------------------------------------------------------
[INFO] [2026-02-12 13:43:19] Test setup completed
------------------------------------------------------------

************************************************************
*** TEST STARTED: ADMIN-USR-ACC-EXP-01 - Verify the default value of the Access Expiration date when giving permission to a new site ***
*** Time: 2026-02-12 13:43:19 ***
************************************************************


==================================================
[STEP] [2026-02-12 13:43:19] Login as peter
==================================================

[INFO] [2026-02-12 13:43:19] Entering username: peter
[ACTION] [2026-02-12 13:43:19] Filling text in element on element: input[name="userName"]
api => page.fill started
api <= page.fill succeeded
[INFO] [2026-02-12 13:43:19] Successfully filled text in: input[name="userName"]
[INFO] [2026-02-12 13:43:19] Entering password: ********
[ACTION] [2026-02-12 13:43:19] Filling text in element on element: input[name="passWord"]
api => page.fill started
api <= page.fill succeeded
[INFO] [2026-02-12 13:43:19] Successfully filled text in: input[name="passWord"]
api => page.waitForURL started
[INFO] [2026-02-12 13:43:19] Clicking login button
[ACTION] [2026-02-12 13:43:19] Clicking on element on element: button:has-text("Log In")
api => page.click started
api <= page.click succeeded
[INFO] [2026-02-12 13:43:19] Successfully clicked: button:has-text("Log In")
api <= page.waitForURL succeeded
api => page.waitForLoadState started
api <= page.waitForLoadState succeeded
api => page.waitForLoadState started
api <= page.waitForLoadState succeeded
[INFO] [2026-02-12 13:43:31] Γ£ô Login successful and redirected
api => page.waitForLoadState started
api <= page.waitForLoadState succeeded

==================================================
[STEP] [2026-02-12 13:43:31] Acknowledge Health & Safety modal
==================================================

[INFO] [2026-02-12 13:43:31] Clicking OK on Health and Safety modal
api => locator.click started
api <= locator.click succeeded
[INFO] [2026-02-12 13:43:32] Successfully clicked OK on Health and Safety modal

==================================================
[STEP] [2026-02-12 13:43:32] Step 7: Navigate to ADMINISTRATION tab
==================================================

[ACTION] [2026-02-12 13:43:32] Navigating to ADMINISTRATION tab
[ACTION] [2026-02-12 13:43:32] Clicking on element on element: text=ADMINISTRATION
api => page.click started
api <= page.click succeeded
[INFO] [2026-02-12 13:43:33] Successfully clicked: text=ADMINISTRATION
api => page.waitForLoadState started
api <= page.waitForLoadState succeeded
[INFO] [2026-02-12 13:43:33] Γ£ô Navigated to ADMINISTRATION tab

==================================================
[STEP] [2026-02-12 13:43:33] Step 8: Wait for network to be idle
==================================================

api => page.waitForLoadState started
api <= page.waitForLoadState succeeded
[INFO] [2026-02-12 13:43:33] Γ£ô Network is idle after navigating to ADMINISTRATION tab

==================================================
[STEP] [2026-02-12 13:43:33] Step 9: Verify page contains SITE LIST
==================================================

[ACTION] [2026-02-12 13:43:33] Verifying SITE LIST is visible
api => locator.waitFor started
api <= locator.waitFor succeeded
[INFO] [2026-02-12 13:43:37] Γ£ô SITE LIST is visible

==================================================
[STEP] [2026-02-12 13:43:37] Step 10: Navigate to Users ΓåÆ List
==================================================

[ACTION] [2026-02-12 13:43:37] Opening Users ΓåÆ List
[ACTION] [2026-02-12 13:43:37] Clicking on element on element: text=Users
api => page.click started
api <= page.click succeeded
[INFO] [2026-02-12 13:43:37] Successfully clicked: text=Users
api => page.waitForTimeout started
api <= page.waitForTimeout succeeded
[ACTION] [2026-02-12 13:43:38] Clicking on element on element: text=List
api => page.click started
api <= page.click succeeded
[INFO] [2026-02-12 13:43:41] Successfully clicked: text=List
api => page.waitForLoadState started
api <= page.waitForLoadState succeeded
[INFO] [2026-02-12 13:43:41] Γ£ô Navigated to Users List
api => page.waitForTimeout started
api <= page.waitForTimeout succeeded

==================================================
[STEP] [2026-02-12 13:43:46] Step 11: Wait for network to be idle
==================================================

api => page.waitForLoadState started
api <= page.waitForLoadState succeeded
[INFO] [2026-02-12 13:43:46] Γ£ô Network is idle after navigating to Users List

==================================================
[STEP] [2026-02-12 13:43:46] Step 11a: Wait for user grid data to load
==================================================

api => locator.waitFor started
api <= locator.waitFor succeeded
api => page.waitForTimeout started
api <= page.waitForTimeout succeeded
[INFO] [2026-02-12 13:43:52] Γ£ô User grid data loaded

==================================================
[STEP] [2026-02-12 13:43:52] Step 12: Filter user list by First name "PW Automation U1"
==================================================

[ACTION] [2026-02-12 13:43:52] Filtering by First name: PW Automation U1
api => locator.waitFor started
api <= locator.waitFor succeeded
api => locator.waitFor started
api <= locator.waitFor succeeded
api => locator.waitFor started
api <= locator.waitFor succeeded
api => locator.click started
api <= locator.click succeeded
api => page.waitForTimeout started
api <= page.waitForTimeout succeeded
api => locator.waitFor started
api <= locator.waitFor succeeded
api => page.waitForTimeout started
api <= page.waitForTimeout succeeded
api => locator.waitFor started
api <= locator.waitFor succeeded
api => locator.clear started
api <= locator.clear succeeded
api => locator.fill started
api <= locator.fill succeeded
api => page.waitForTimeout started
api <= page.waitForTimeout succeeded
api => locator.waitFor started
api <= locator.waitFor succeeded
api => locator.click started
api <= locator.click succeeded
api => page.waitForTimeout started
api <= page.waitForTimeout succeeded
api => locator.waitFor started
api <= locator.waitFor succeeded
api => locator.click started
api <= locator.click succeeded
api => page.waitForTimeout started
api <= page.waitForTimeout succeeded
api => page.waitForFunction started
api <= page.waitForFunction succeeded
api => locator.click started
api <= locator.click succeeded
api => page.waitForTimeout started
api <= page.waitForTimeout succeeded
api => page.waitForLoadState started
api <= page.waitForLoadState succeeded
[INFO] [2026-02-12 13:44:03] Γ£ô Filtered by First name: PW Automation U1

==================================================
[STEP] [2026-02-12 13:44:03] Step 13: Wait for network to be idle
==================================================

api => page.waitForLoadState started
api <= page.waitForLoadState succeeded
[INFO] [2026-02-12 13:44:03] Γ£ô Network is idle after filtering user list

==================================================
[STEP] [2026-02-12 13:44:03] Step 13a: Drag resize handler up to expand user list section
==================================================

api => locator.isVisible started
api <= locator.isVisible succeeded
api => locator.boundingBox started
api <= locator.boundingBox succeeded
api => mouse.move started
api <= mouse.move succeeded
api => mouse.down started
api <= mouse.down succeeded
api => mouse.move started
api <= mouse.move succeeded
api => mouse.up started
api <= mouse.up succeeded
api => page.waitForTimeout started
api <= page.waitForTimeout succeeded
[INFO] [2026-02-12 13:44:05] Γ£ô Dragged resize handler up to expand user list section

==================================================
[STEP] [2026-02-12 13:44:05] Step 14: Click Edit button
==================================================

[ACTION] [2026-02-12 13:44:05] Clicking Edit button
api => locator.click started
api <= locator.click succeeded
api => page.waitForLoadState started
api <= page.waitForLoadState succeeded
[INFO] [2026-02-12 13:44:05] Γ£ô Edit button clicked

==================================================
[STEP] [2026-02-12 13:44:05] Step 15: Wait for network to be idle
==================================================

api => page.waitForLoadState started
api <= page.waitForLoadState succeeded
[INFO] [2026-02-12 13:44:05] Γ£ô Network is idle after clicking Edit

==================================================
[STEP] [2026-02-12 13:44:05] Step 16: Open SITE ACCESS AND PERMISSIONS section
==================================================

[ACTION] [2026-02-12 13:44:05] Opening SITE ACCESS AND PERMISSIONS section
api => locator.waitFor started
api <= locator.waitFor succeeded
api => locator.isVisible started
api <= locator.isVisible succeeded
api => locator.click started
api <= locator.click succeeded
api => page.waitForTimeout started
api <= page.waitForTimeout succeeded
[INFO] [2026-02-12 13:44:07] Γ£ô SITE ACCESS AND PERMISSIONS section opened

==================================================
[STEP] [2026-02-12 13:44:07] Step 17: Enable "Show sites with no access granted"
==================================================

[ACTION] [2026-02-12 13:44:07] Enabling "Show sites with no access granted"
api => locator.waitFor started
api <= locator.waitFor succeeded
api => locator.click started
api <= locator.click succeeded
api => page.waitForLoadState started
api <= page.waitForLoadState succeeded
api => page.waitForTimeout started
api <= page.waitForTimeout succeeded
[INFO] [2026-02-12 13:44:09] Waiting for Site List data to load...
api => page.waitForLoadState started
api <= page.waitForLoadState succeeded
api => page.waitForTimeout started
api <= page.waitForTimeout succeeded
[INFO] [2026-02-12 13:44:10] Scrolling site grid to left to see Site List column
api => page.evaluate started
api <= page.evaluate succeeded
api => page.waitForTimeout started
api <= page.waitForTimeout succeeded
api => locator.isVisible started
api <= locator.isVisible succeeded
api => locator.boundingBox started
api <= locator.boundingBox succeeded
api => mouse.move started
api <= mouse.move succeeded
api => mouse.down started
api <= mouse.down succeeded
api => mouse.move started
api <= mouse.move succeeded
api => mouse.up started
api <= mouse.up succeeded
api => page.waitForTimeout started
api <= page.waitForTimeout succeeded
[INFO] [2026-02-12 13:44:12] Γ£ô Expanded site grid area by dragging resize handler
[INFO] [2026-02-12 13:44:12] Clicking Edit button to enable grid interaction
api => locator.isVisible started
api <= locator.isVisible succeeded
[INFO] [2026-02-12 13:44:12] Γ£ô "Show sites with no access granted" enabled

==================================================
[STEP] [2026-02-12 13:44:12] Step 18: Wait for network to be idle
==================================================

api => page.waitForLoadState started
api <= page.waitForLoadState succeeded
[INFO] [2026-02-12 13:44:12] Γ£ô Network is idle after enabling "Show sites with no access granted"

==================================================
[STEP] [2026-02-12 13:44:12] Step 19: Filter site list by Site Name "PW Automation S1"
==================================================

[ACTION] [2026-02-12 13:44:12] Filtering by Site List: PW Automation S1
api => locator.waitFor started
api <= locator.waitFor succeeded
api => page.waitForTimeout started
api <= page.waitForTimeout succeeded
api => locator.waitFor started
api <= locator.waitFor succeeded
api => locator.waitFor started
api <= locator.waitFor succeeded
api => locator.click started
api <= locator.click succeeded
api => page.waitForTimeout started
api <= page.waitForTimeout succeeded
api => locator.waitFor started
api <= locator.waitFor succeeded
api => page.waitForTimeout started
api <= page.waitForTimeout succeeded
api => locator.waitFor started
api <= locator.waitFor succeeded
api => locator.fill started
api <= locator.fill succeeded
api => page.waitForTimeout started
api <= page.waitForTimeout succeeded
api => locator.waitFor started
api <= locator.waitFor succeeded
api => locator.click started
api <= locator.click succeeded
api => page.waitForTimeout started
api <= page.waitForTimeout succeeded
api => locator.waitFor started
api <= locator.waitFor succeeded
api => locator.click started
api <= locator.click succeeded
api => page.waitForTimeout started
api <= page.waitForTimeout succeeded
api => page.waitForFunction started
api <= page.waitForFunction succeeded
api => locator.click started
api <= locator.click succeeded
api => page.waitForTimeout started
api <= page.waitForTimeout succeeded
api => page.waitForLoadState started
api <= page.waitForLoadState succeeded
[INFO] [2026-02-12 13:44:39] Γ£ô Filtered by Site List: PW Automation S1

==================================================
[STEP] [2026-02-12 13:44:39] Step 20: Wait for network to be idle
==================================================

api => page.waitForLoadState started
api <= page.waitForLoadState succeeded
[INFO] [2026-02-12 13:44:39] Γ£ô Network is idle after filtering site list

==================================================
[STEP] [2026-02-12 13:44:39] Step 20a: Click on site "PW Automation S1"
==================================================

api => locator.click started
api <= locator.click succeeded
api => page.waitForTimeout started
api <= page.waitForTimeout succeeded
[INFO] [2026-02-12 13:44:40] Γ£ô Clicked on site "PW Automation S1"

==================================================
[STEP] [2026-02-12 13:44:40] Step 21: Grant access to site "PW Automation S1"
==================================================

[ACTION] [2026-02-12 13:44:40] Granting access to site: PW Automation S1
api => locator.waitFor started
api <= locator.waitFor succeeded
api => locator.check started
api <= locator.check succeeded
api => page.waitForTimeout started
api <= page.waitForTimeout succeeded
[INFO] [2026-02-12 13:44:41] Γ£ô Access granted to site: PW Automation S1

==================================================
[STEP] [2026-02-12 13:44:41] Step 22: Click Save button
==================================================

[ACTION] [2026-02-12 13:44:41] Clicking Save button
api => locator.click started
api <= locator.click succeeded
api => page.waitForLoadState started
api <= page.waitForLoadState succeeded
api => page.waitForTimeout started
api <= page.waitForTimeout succeeded
[INFO] [2026-02-12 13:44:42] Γ£ô Save button clicked

==================================================
[STEP] [2026-02-12 13:44:42] Step 23: Wait for network to be idle
==================================================

api => page.waitForLoadState started
api <= page.waitForLoadState succeeded
[INFO] [2026-02-12 13:44:42] Γ£ô Network is idle after saving

==================================================
[STEP] [2026-02-12 13:44:42] Step 24: Verify "Show sites with access granted" is selected
==================================================

[ACTION] [2026-02-12 13:44:42] Verifying "Show sites with access granted" is selected
api => page.waitForTimeout started
api <= page.waitForTimeout succeeded
api => locator.waitFor started
api <= locator.waitFor succeeded
api => page.waitForFunction started
api <= page.waitForFunction succeeded
[INFO] [2026-02-12 13:44:45] Γ£ô "Show sites with access granted" is selected

==================================================
[STEP] [2026-02-12 13:44:45] Step 24a: Wait for page to fully load before editing
==================================================

api => page.waitForLoadState started
api <= page.waitForLoadState succeeded
api => page.waitForTimeout started
api <= page.waitForTimeout succeeded
[INFO] [2026-02-12 13:44:49] Γ£ô Page fully loaded after radio selection

==================================================
[STEP] [2026-02-12 13:44:49] Step 25: Click Edit button again
==================================================

[ACTION] [2026-02-12 13:44:49] Clicking Edit button
api => locator.click started
api <= locator.click succeeded
api => page.waitForLoadState started
api <= page.waitForLoadState succeeded
[INFO] [2026-02-12 13:44:49] Γ£ô Edit button clicked

==================================================
[STEP] [2026-02-12 13:44:49] Step 26: Wait for network to be idle
==================================================

api => page.waitForLoadState started
api <= page.waitForLoadState succeeded
[INFO] [2026-02-12 13:44:49] Γ£ô Network is idle after clicking Edit

==================================================
[STEP] [2026-02-12 13:44:49] Step 27: Disable "Show permission columns"
==================================================

[ACTION] [2026-02-12 13:44:49] Disabling "Show permission columns"
api => page.waitForLoadState started
api <= page.waitForLoadState succeeded
api => page.waitForTimeout started
api <= page.waitForTimeout succeeded
api => locator.waitFor started
api <= locator.waitFor succeeded
api => page.waitForTimeout started
api <= page.waitForTimeout succeeded
api => locator.isChecked started
api <= locator.isChecked succeeded
api => locator.click started
api <= locator.click succeeded
api => page.waitForTimeout started
api <= page.waitForTimeout succeeded
[INFO] [2026-02-12 13:44:57] Γ£ô "Show permission columns" disabled

==================================================
[STEP] [2026-02-12 13:44:57] Step 28: Wait for network to be idle
==================================================

api => page.waitForLoadState started
api <= page.waitForLoadState succeeded
api => page.waitForTimeout started
api <= page.waitForTimeout succeeded
[INFO] [2026-02-12 13:44:58] Γ£ô Network is idle after disabling "Show permission columns"

==================================================
[STEP] [2026-02-12 13:44:58] Step 28a: Ensure "Show sites with access granted" is selected
==================================================

api => locator.isChecked started
api <= locator.isChecked failed
api => locator.click started
api <= locator.click succeeded
api => page.waitForTimeout started
api <= page.waitForTimeout succeeded
[INFO] [2026-02-12 13:45:31] Γ£ô Selected "Show sites with access granted" radio button

==================================================
[STEP] [2026-02-12 13:45:31] Step 29: Verify Access Status shows "Active"
==================================================

[ACTION] [2026-02-12 13:45:31] Verifying Access Status is Active
[ACTION] [2026-02-12 13:45:31] Getting Access Status for site: PW Automation S1
api => locator.waitFor started
api <= locator.waitFor succeeded
api => page.waitForTimeout started
api <= page.waitForTimeout succeeded
api => locator.waitFor started
api <= locator.waitFor succeeded
api => locator.waitFor started
api <= locator.waitFor succeeded
api => locator.count started
api <= locator.count succeeded
api => locator.count started
api <= locator.count succeeded
api => locator.textContent started
api <= locator.textContent succeeded
api => locator.textContent started
api <= locator.textContent succeeded
api => locator.textContent started
api <= locator.textContent succeeded
api => locator.textContent started
api <= locator.textContent succeeded
api => locator.textContent started
api <= locator.textContent succeeded
api => locator.textContent started
api <= locator.textContent succeeded
api => locator.textContent started
api <= locator.textContent succeeded
api => locator.textContent started
api <= locator.textContent succeeded
api => locator.textContent started
api <= locator.textContent succeeded
api => locator.textContent started
api <= locator.textContent succeeded
api => locator.textContent started
api <= locator.textContent succeeded
api => locator.textContent started
api <= locator.textContent succeeded
api => locator.textContent started
api <= locator.textContent succeeded
api => locator.textContent started
api <= locator.textContent succeeded
api => locator.textContent started
api <= locator.textContent succeeded
api => locator.textContent started
api <= locator.textContent succeeded
api => locator.count started
api <= locator.count succeeded
api => locator.textContent started
api <= locator.textContent succeeded
api => locator.textContent started
api <= locator.textContent succeeded
api => locator.textContent started
api <= locator.textContent succeeded
[INFO] [2026-02-12 13:45:34] Γ£ô Access Status: Active
[INFO] [2026-02-12 13:45:34] Γ£ô Access Status is Active

==================================================
[STEP] [2026-02-12 13:45:34] Step 30: Verify Access Expiration Date is Today + 1 Year (Pacific Time)
==================================================

[ACTION] [2026-02-12 13:45:34] Verifying Access Expiration Date is Today + 1 Year (Pacific Time)
[ACTION] [2026-02-12 13:45:34] Getting Access Expiration Date for site: PW Automation S1
api => locator.count started
api <= locator.count succeeded
api => locator.count started
api <= locator.count succeeded
api => locator.textContent started
api <= locator.textContent succeeded
api => locator.textContent started
api <= locator.textContent succeeded
api => locator.textContent started
api <= locator.textContent succeeded
api => locator.textContent started
api <= locator.textContent succeeded
api => locator.textContent started
api <= locator.textContent succeeded
api => locator.textContent started
api <= locator.textContent succeeded
api => locator.textContent started
api <= locator.textContent succeeded
api => locator.textContent started
api <= locator.textContent succeeded
api => locator.textContent started
api <= locator.textContent succeeded
api => locator.textContent started
api <= locator.textContent succeeded
api => locator.textContent started
api <= locator.textContent succeeded
api => locator.textContent started
api <= locator.textContent succeeded
[INFO] [2026-02-12 13:45:35] Found Access Expiration column at grid 0, column 11
api => locator.waitFor started
api <= locator.waitFor failed
api => page.screenshot started
api <= page.screenshot succeeded
api => video.saveAs started
api <= video.saveAs succeeded
  Γ£ÿ  2 [chromium] ΓÇ║ Administration\User\ADMIN-USR-ACC-EXP.spec.js:23:3 ΓÇ║ Admin User Mgmt Site Access Expiration Date ΓÇ║ ADMIN-USR-ACC-EXP-01 - Verify the default value of the Access Expiration date when giving permission to a new site (retry #1) (3.1m)


  1) [chromium] ΓÇ║ Administration\User\ADMIN-USR-ACC-EXP.spec.js:23:3 ΓÇ║ Admin User Mgmt Site Access Expiration Date ΓÇ║ ADMIN-USR-ACC-EXP-01 - Verify the default value of the Access Expiration date when giving permission to a new site 

    Error: locator.waitFor: Timeout 10000ms exceeded.
    Call log:
      [2m- waiting for locator('.e-grid').first().locator('.e-row').filter({ hasText: 'PW Automation S1' }).first() to be visible[22m


       at ..\pages\Administration\User\administrationUserPage.js:503

      501 |     const correctGrid = allGrids.nth(correctGridIndex);
      502 |     const siteRow = correctGrid.locator('.e-row').filter({ hasText: siteName }).first();
    > 503 |     await siteRow.waitFor({ state: 'visible', timeout: 10000 });
          |                   ^
      504 |     
      505 |     // Get the cell at the expiration column index
      506 |     const cells = siteRow.locator('td');

        at AdministrationUserPage.getAccessExpirationDate (C:\SCS Web Automation\SCS\pages\Administration\User\administrationUserPage.js:503:19)
        at AdministrationUserPage.verifyAccessExpirationDateIsOneYearFromToday (C:\SCS Web Automation\SCS\pages\Administration\User\administrationUserPage.js:525:28)
        at C:\SCS Web Automation\SCS\test\Administration\User\ADMIN-USR-ACC-EXP.spec.js:177:5

    attachment #1: screenshot (image/png) ΓöÇΓöÇΓöÇΓöÇΓöÇΓöÇΓöÇΓöÇΓöÇΓöÇΓöÇΓöÇΓöÇΓöÇΓöÇΓöÇΓöÇΓöÇΓöÇΓöÇΓöÇΓöÇΓöÇΓöÇΓöÇΓöÇΓöÇΓöÇΓöÇΓöÇΓöÇΓöÇΓöÇΓöÇΓöÇΓöÇΓöÇΓöÇΓöÇΓöÇΓöÇΓöÇΓöÇΓöÇΓöÇΓöÇΓöÇΓöÇΓöÇΓöÇΓöÇΓöÇΓöÇΓöÇΓöÇΓöÇΓöÇΓöÇ
    test-results\Administration-User-ADMIN-USR-ACC-EXP-Admin-Us-25104-ation-date-when-giving-permission-to-a-new-site-chromium\test-failed-1.png
    ΓöÇΓöÇΓöÇΓöÇΓöÇΓöÇΓöÇΓöÇΓöÇΓöÇΓöÇΓöÇΓöÇΓöÇΓöÇΓöÇΓöÇΓöÇΓöÇΓöÇΓöÇΓöÇΓöÇΓöÇΓöÇΓöÇΓöÇΓöÇΓöÇΓöÇΓöÇΓöÇΓöÇΓöÇΓöÇΓöÇΓöÇΓöÇΓöÇΓöÇΓöÇΓöÇΓöÇΓöÇΓöÇΓöÇΓöÇΓöÇΓöÇΓöÇΓöÇΓöÇΓöÇΓöÇΓöÇΓöÇΓöÇΓöÇΓöÇΓöÇΓöÇΓöÇΓöÇΓöÇΓöÇΓöÇΓöÇΓöÇΓöÇΓöÇΓöÇΓöÇΓöÇΓöÇΓöÇΓöÇΓöÇΓöÇΓöÇΓöÇΓöÇΓöÇΓöÇΓöÇΓöÇΓöÇΓöÇΓöÇΓöÇΓöÇΓöÇΓöÇΓöÇΓöÇΓöÇΓöÇ

    attachment #2: video (video/webm) ΓöÇΓöÇΓöÇΓöÇΓöÇΓöÇΓöÇΓöÇΓöÇΓöÇΓöÇΓöÇΓöÇΓöÇΓöÇΓöÇΓöÇΓöÇΓöÇΓöÇΓöÇΓöÇΓöÇΓöÇΓöÇΓöÇΓöÇΓöÇΓöÇΓöÇΓöÇΓöÇΓöÇΓöÇΓöÇΓöÇΓöÇΓöÇΓöÇΓöÇΓöÇΓöÇΓöÇΓöÇΓöÇΓöÇΓöÇΓöÇΓöÇΓöÇΓöÇΓöÇΓöÇΓöÇΓöÇΓöÇΓöÇΓöÇΓöÇΓöÇΓöÇΓöÇ
    test-results\Administration-User-ADMIN-USR-ACC-EXP-Admin-Us-25104-ation-date-when-giving-permission-to-a-new-site-chromium\video.webm
    ΓöÇΓöÇΓöÇΓöÇΓöÇΓöÇΓöÇΓöÇΓöÇΓöÇΓöÇΓöÇΓöÇΓöÇΓöÇΓöÇΓöÇΓöÇΓöÇΓöÇΓöÇΓöÇΓöÇΓöÇΓöÇΓöÇΓöÇΓöÇΓöÇΓöÇΓöÇΓöÇΓöÇΓöÇΓöÇΓöÇΓöÇΓöÇΓöÇΓöÇΓöÇΓöÇΓöÇΓöÇΓöÇΓöÇΓöÇΓöÇΓöÇΓöÇΓöÇΓöÇΓöÇΓöÇΓöÇΓöÇΓöÇΓöÇΓöÇΓöÇΓöÇΓöÇΓöÇΓöÇΓöÇΓöÇΓöÇΓöÇΓöÇΓöÇΓöÇΓöÇΓöÇΓöÇΓöÇΓöÇΓöÇΓöÇΓöÇΓöÇΓöÇΓöÇΓöÇΓöÇΓöÇΓöÇΓöÇΓöÇΓöÇΓöÇΓöÇΓöÇΓöÇΓöÇΓöÇΓöÇ

    Retry #1 ΓöÇΓöÇΓöÇΓöÇΓöÇΓöÇΓöÇΓöÇΓöÇΓöÇΓöÇΓöÇΓöÇΓöÇΓöÇΓöÇΓöÇΓöÇΓöÇΓöÇΓöÇΓöÇΓöÇΓöÇΓöÇΓöÇΓöÇΓöÇΓöÇΓöÇΓöÇΓöÇΓöÇΓöÇΓöÇΓöÇΓöÇΓöÇΓöÇΓöÇΓöÇΓöÇΓöÇΓöÇΓöÇΓöÇΓöÇΓöÇΓöÇΓöÇΓöÇΓöÇΓöÇΓöÇΓöÇΓöÇΓöÇΓöÇΓöÇΓöÇΓöÇΓöÇΓöÇΓöÇΓöÇΓöÇΓöÇΓöÇΓöÇΓöÇΓöÇΓöÇΓöÇΓöÇΓöÇΓöÇΓöÇΓöÇΓöÇΓöÇΓöÇΓöÇΓöÇΓöÇΓöÇΓöÇΓöÇ

    Error: locator.waitFor: Timeout 10000ms exceeded.
    Call log:
      [2m- waiting for locator('.e-grid').first().locator('.e-row').filter({ hasText: 'PW Automation S1' }).first() to be visible[22m


       at ..\pages\Administration\User\administrationUserPage.js:503

      501 |     const correctGrid = allGrids.nth(correctGridIndex);
      502 |     const siteRow = correctGrid.locator('.e-row').filter({ hasText: siteName }).first();
    > 503 |     await siteRow.waitFor({ state: 'visible', timeout: 10000 });
          |                   ^
      504 |     
      505 |     // Get the cell at the expiration column index
      506 |     const cells = siteRow.locator('td');

        at AdministrationUserPage.getAccessExpirationDate (C:\SCS Web Automation\SCS\pages\Administration\User\administrationUserPage.js:503:19)
        at AdministrationUserPage.verifyAccessExpirationDateIsOneYearFromToday (C:\SCS Web Automation\SCS\pages\Administration\User\administrationUserPage.js:525:28)
        at C:\SCS Web Automation\SCS\test\Administration\User\ADMIN-USR-ACC-EXP.spec.js:177:5

    attachment #1: screenshot (image/png) ΓöÇΓöÇΓöÇΓöÇΓöÇΓöÇΓöÇΓöÇΓöÇΓöÇΓöÇΓöÇΓöÇΓöÇΓöÇΓöÇΓöÇΓöÇΓöÇΓöÇΓöÇΓöÇΓöÇΓöÇΓöÇΓöÇΓöÇΓöÇΓöÇΓöÇΓöÇΓöÇΓöÇΓöÇΓöÇΓöÇΓöÇΓöÇΓöÇΓöÇΓöÇΓöÇΓöÇΓöÇΓöÇΓöÇΓöÇΓöÇΓöÇΓöÇΓöÇΓöÇΓöÇΓöÇΓöÇΓöÇΓöÇΓöÇ
    test-results\Administration-User-ADMIN-USR-ACC-EXP-Admin-Us-25104-ation-date-when-giving-permission-to-a-new-site-chromium-retry1\test-failed-1.png
    ΓöÇΓöÇΓöÇΓöÇΓöÇΓöÇΓöÇΓöÇΓöÇΓöÇΓöÇΓöÇΓöÇΓöÇΓöÇΓöÇΓöÇΓöÇΓöÇΓöÇΓöÇΓöÇΓöÇΓöÇΓöÇΓöÇΓöÇΓöÇΓöÇΓöÇΓöÇΓöÇΓöÇΓöÇΓöÇΓöÇΓöÇΓöÇΓöÇΓöÇΓöÇΓöÇΓöÇΓöÇΓöÇΓöÇΓöÇΓöÇΓöÇΓöÇΓöÇΓöÇΓöÇΓöÇΓöÇΓöÇΓöÇΓöÇΓöÇΓöÇΓöÇΓöÇΓöÇΓöÇΓöÇΓöÇΓöÇΓöÇΓöÇΓöÇΓöÇΓöÇΓöÇΓöÇΓöÇΓöÇΓöÇΓöÇΓöÇΓöÇΓöÇΓöÇΓöÇΓöÇΓöÇΓöÇΓöÇΓöÇΓöÇΓöÇΓöÇΓöÇΓöÇΓöÇΓöÇΓöÇ

    attachment #2: video (video/webm) ΓöÇΓöÇΓöÇΓöÇΓöÇΓöÇΓöÇΓöÇΓöÇΓöÇΓöÇΓöÇΓöÇΓöÇΓöÇΓöÇΓöÇΓöÇΓöÇΓöÇΓöÇΓöÇΓöÇΓöÇΓöÇΓöÇΓöÇΓöÇΓöÇΓöÇΓöÇΓöÇΓöÇΓöÇΓöÇΓöÇΓöÇΓöÇΓöÇΓöÇΓöÇΓöÇΓöÇΓöÇΓöÇΓöÇΓöÇΓöÇΓöÇΓöÇΓöÇΓöÇΓöÇΓöÇΓöÇΓöÇΓöÇΓöÇΓöÇΓöÇΓöÇΓöÇ
    test-results\Administration-User-ADMIN-USR-ACC-EXP-Admin-Us-25104-ation-date-when-giving-permission-to-a-new-site-chromium-retry1\video.webm
    ΓöÇΓöÇΓöÇΓöÇΓöÇΓöÇΓöÇΓöÇΓöÇΓöÇΓöÇΓöÇΓöÇΓöÇΓöÇΓöÇΓöÇΓöÇΓöÇΓöÇΓöÇΓöÇΓöÇΓöÇΓöÇΓöÇΓöÇΓöÇΓöÇΓöÇΓöÇΓöÇΓöÇΓöÇΓöÇΓöÇΓöÇΓöÇΓöÇΓöÇΓöÇΓöÇΓöÇΓöÇΓöÇΓöÇΓöÇΓöÇΓöÇΓöÇΓöÇΓöÇΓöÇΓöÇΓöÇΓöÇΓöÇΓöÇΓöÇΓöÇΓöÇΓöÇΓöÇΓöÇΓöÇΓöÇΓöÇΓöÇΓöÇΓöÇΓöÇΓöÇΓöÇΓöÇΓöÇΓöÇΓöÇΓöÇΓöÇΓöÇΓöÇΓöÇΓöÇΓöÇΓöÇΓöÇΓöÇΓöÇΓöÇΓöÇΓöÇΓöÇΓöÇΓöÇΓöÇΓöÇ

    attachment #3: trace (application/zip) ΓöÇΓöÇΓöÇΓöÇΓöÇΓöÇΓöÇΓöÇΓöÇΓöÇΓöÇΓöÇΓöÇΓöÇΓöÇΓöÇΓöÇΓöÇΓöÇΓöÇΓöÇΓöÇΓöÇΓöÇΓöÇΓöÇΓöÇΓöÇΓöÇΓöÇΓöÇΓöÇΓöÇΓöÇΓöÇΓöÇΓöÇΓöÇΓöÇΓöÇΓöÇΓöÇΓöÇΓöÇΓöÇΓöÇΓöÇΓöÇΓöÇΓöÇΓöÇΓöÇΓöÇΓöÇΓöÇΓöÇΓöÇ
    test-results\Administration-User-ADMIN-USR-ACC-EXP-Admin-Us-25104-ation-date-when-giving-permission-to-a-new-site-chromium-retry1\trace.zip
    Usage:

        npx playwright show-trace test-results\Administration-User-ADMIN-USR-ACC-EXP-Admin-Us-25104-ation-date-when-giving-permission-to-a-new-site-chromium-retry1\trace.zip

    ΓöÇΓöÇΓöÇΓöÇΓöÇΓöÇΓöÇΓöÇΓöÇΓöÇΓöÇΓöÇΓöÇΓöÇΓöÇΓöÇΓöÇΓöÇΓöÇΓöÇΓöÇΓöÇΓöÇΓöÇΓöÇΓöÇΓöÇΓöÇΓöÇΓöÇΓöÇΓöÇΓöÇΓöÇΓöÇΓöÇΓöÇΓöÇΓöÇΓöÇΓöÇΓöÇΓöÇΓöÇΓöÇΓöÇΓöÇΓöÇΓöÇΓöÇΓöÇΓöÇΓöÇΓöÇΓöÇΓöÇΓöÇΓöÇΓöÇΓöÇΓöÇΓöÇΓöÇΓöÇΓöÇΓöÇΓöÇΓöÇΓöÇΓöÇΓöÇΓöÇΓöÇΓöÇΓöÇΓöÇΓöÇΓöÇΓöÇΓöÇΓöÇΓöÇΓöÇΓöÇΓöÇΓöÇΓöÇΓöÇΓöÇΓöÇΓöÇΓöÇΓöÇΓöÇΓöÇΓöÇ

  1 failed
    [chromium] ΓÇ║ Administration\User\ADMIN-USR-ACC-EXP.spec.js:23:3 ΓÇ║ Admin User Mgmt Site Access Expiration Date ΓÇ║ ADMIN-USR-ACC-EXP-01 - Verify the default value of the Access Expiration date when giving permission to a new site 

To open last HTML report run:

  npx playwright show-report

